[altdeck.io/index.html]
[backblue.gif]
[fade.gif]
[index.html]
[altdeck.io/wp-includes/css/dist/block-library/style.min37ad.css]
[altdeck.io/feed/index.html]
[altdeck.io/comments/feed/index.html]
[altdeck.io/wp-content/plugins/contact-form-7/includes/css/stylesd96d.css]
[altdeck.io/wp-content/themes/bizberg/assets/bootstrap/css/bootstrap.min2608.css]
[altdeck.io/wp-content/themes/bizberg/assets/icons/font-awesome-5/css/all2608.css]
[altdeck.io/wp-content/themes/bizberg/assets/css/main2608.css]
[altdeck.io/wp-content/themes/bizberg/assets/css/component2608.css]
[altdeck.io/wp-content/themes/bizberg/assets/css/style2608.css]
[altdeck.io/wp-content/themes/bizberg/assets/css/responsive2608.css]
[altdeck.io/wp-content/themes/bizberg/style37ad.css]
[altdeck.io/wp-content/themes/econsulting-agency/style37ad.css]
[altdeck.io/wp-content/fonts/7577b6d93879d429bbadf01d1d095c4f.css]
[altdeck.io/wp-includes/js/jquery/jquery.minaf6c.js]
[altdeck.io/wp-includes/js/jquery/jquery-migrate.mind617.js]
[altdeck.io/wp-content/themes/econsulting-agency/js/waypoint2608.js]
[altdeck.io/wp-content/themes/econsulting-agency/js/jquery.counterup2608.js]
[altdeck.io/wp-content/themes/econsulting-agency/js/jquery-modal-video2608.js]
[altdeck.io/wp-content/themes/econsulting-agency/js/script2608.js]
[altdeck.io/wp-content/themes/bizberg/assets/bootstrap/js/bootstrap.min2608.js]
[altdeck.io/xmlrpc0db0.php]
[altdeck.io/wp-json/index.html]
[altdeck.io/wp-includes/wlwmanifest.xml]
[altdeck.io/wp-content/uploads/2022/07/cropped-36E8F9DC-CBB7-4017-A162-4BA5E2BF51AD-32x32.jpg]
[altdeck.io/wp-content/uploads/2022/07/cropped-36E8F9DC-CBB7-4017-A162-4BA5E2BF51AD-192x192.jpg]
[altdeck.io/wp-content/uploads/2022/07/cropped-36E8F9DC-CBB7-4017-A162-4BA5E2BF51AD-180x180.jpg]
[altdeck.io/wp-content/uploads/2022/07/cropped-716AF2E0-6728-4421-BBEC-F0089A094164.jpg]
[altdeck.io/wp-content/themes/bizberg/assets/images/breadcrum.jpg]
[altdeck.io/wp-content/fonts/nunito-sans/pe0qMImSLYBIv1o4X1M8ccewI91AcVwob5A.woff]
[altdeck.io/wp-content/fonts/nunito-sans/pe0qMImSLYBIv1o4X1M8cce5I91AcVwob5A.woff]
[altdeck.io/wp-content/fonts/nunito-sans/pe0qMImSLYBIv1o4X1M8cceyI91AcVwob5A.woff]
[altdeck.io/wp-content/fonts/nunito-sans/pe0qMImSLYBIv1o4X1M8ccezI91AcVwob5A.woff]
[altdeck.io/wp-content/fonts/nunito-sans/pe0qMImSLYBIv1o4X1M8cce9I91AcVwo.woff]
[altdeck.io/wp-content/fonts/raleway/1Ptxg8zYS_SKggPN4iEgvnHyvveLxVtapbCFPrcVIT9d4cydYA.woff]
[altdeck.io/wp-content/fonts/raleway/1Ptxg8zYS_SKggPN4iEgvnHyvveLxVtapbCMPrcVIT9d4cydYA.woff]
[altdeck.io/wp-content/fonts/raleway/1Ptxg8zYS_SKggPN4iEgvnHyvveLxVtapbCHPrcVIT9d4cydYA.woff]
[altdeck.io/wp-content/fonts/raleway/1Ptxg8zYS_SKggPN4iEgvnHyvveLxVtapbCGPrcVIT9d4cydYA.woff]
[altdeck.io/wp-content/fonts/raleway/1Ptxg8zYS_SKggPN4iEgvnHyvveLxVtapbCIPrcVIT9d4cw.woff]
[altdeck.io/wp-content/fonts/open-sans/memSYaGs126MiZpBA-UvWbX2vVnXBbObj2OVZyOOSr4dVJWUgsiH0B4taVQUwaEQXjN_mQ.woff]
[altdeck.io/wp-content/fonts/open-sans/memSYaGs126MiZpBA-UvWbX2vVnXBbObj2OVZyOOSr4dVJWUgsiH0B4kaVQUwaEQXjN_mQ.woff]
[altdeck.io/wp-content/fonts/open-sans/memSYaGs126MiZpBA-UvWbX2vVnXBbObj2OVZyOOSr4dVJWUgsiH0B4saVQUwaEQXjN_mQ.woff]
[altdeck.io/wp-content/fonts/open-sans/memSYaGs126MiZpBA-UvWbX2vVnXBbObj2OVZyOOSr4dVJWUgsiH0B4jaVQUwaEQXjN_mQ.woff]
[altdeck.io/wp-content/fonts/open-sans/memSYaGs126MiZpBA-UvWbX2vVnXBbObj2OVZyOOSr4dVJWUgsiH0B4iaVQUwaEQXjN_mQ.woff]
[altdeck.io/wp-content/fonts/open-sans/memSYaGs126MiZpBA-UvWbX2vVnXBbObj2OVZyOOSr4dVJWUgsiH0B4vaVQUwaEQXjN_mQ.woff]
[altdeck.io/wp-content/fonts/open-sans/memSYaGs126MiZpBA-UvWbX2vVnXBbObj2OVZyOOSr4dVJWUgsiH0B4uaVQUwaEQXjN_mQ.woff]
[altdeck.io/wp-content/fonts/open-sans/memSYaGs126MiZpBA-UvWbX2vVnXBbObj2OVZyOOSr4dVJWUgsiH0B4gaVQUwaEQXjM.woff]
[altdeck.io/wp-content/uploads/2022/07/D78F434C-AC2E-4BBE-8FE5-08F4E4567889-982x1024.jpg]
[altdeck.io/wp-content/uploads/2022/07/C05EAAA5-78F8-4D79-AA53-18118080B5BF.jpg]
[altdeck.io/wp-content/uploads/2022/07/573FF50A-ADD2-4206-BB16-752FB73994F6-673x1024.jpg]
[altdeck.io/wp-content/uploads/2022/07/9B26007A-2924-4362-A119-D5DDD369E975-619x1024.jpg]
[altdeck.io/wp-content/uploads/2022/07/8544AC13-AB93-43F0-A96B-0667562CE6D8-711x1024.jpg]
[altdeck.io/wp-content/uploads/2022/07/ECAEAA71-E42E-496A-9E94-CB5A59C9C916-598x1024.jpg]
[altdeck.io/wp-content/uploads/2022/07/F1B7BC9C-AB92-42EB-948A-58022D8D7D04-576x1024.jpg]
[altdeck.io/wp-content/uploads/2022/07/BA462DD6-B438-4A74-B4DD-F2771EA1E42C-576x1024.png]
[altdeck.io/wp-content/uploads/2022/07/1D1247DD-DC1B-44DB-9A42-E007BBDD2EF7.jpg]
[altdeck.io/wp-content/uploads/2022/07/CBD7FA56-BE9E-4CD4-94F6-07F0F6972EAE.jpg]
[altdeck.io/wp-content/uploads/2022/07/43062409-B782-4A02-80CD-30B37BDABB67-706x1024.jpg]
[altdeck.io/wp-content/uploads/2022/07/50668A27-F08C-44E8-BF4F-41C93307165C.jpg]
[altdeck.io/wp-content/uploads/2022/07/6EBF9CD7-6D08-42E3-AEB4-2CAAB50276BF.jpg]
[altdeck.io/wp-content/uploads/2022/07/6491A63C-8746-41E2-A3D6-02C981839A25.jpg]
[altdeck.io/wp-content/uploads/2022/07/A3BE29AE-2EC3-4CFE-9CA5-15AEE5675654.jpg]
[altdeck.io/wp-content/uploads/2022/07/6597EE5F-1D23-45FC-8DD5-618C46066BBB.jpg]
[altdeck.io/wp-content/uploads/2022/07/F55D772B-5C38-4D40-B166-622340559F0E.jpg]
[altdeck.io/wp-content/uploads/2022/07/4DAD843C-D162-49A5-9E43-2DF0565B6528.jpg]
[altdeck.io/wp-content/uploads/2022/07/26D4B667-E97C-49C3-97FD-A9190486A7D7.jpg]
[altdeck.io/wp-content/uploads/2022/07/96F3C359-0D79-4716-827E-0CFDBEBED665.jpg]
[altdeck.io/wp-includes/js/dist/vendor/regenerator-runtime.min3937.js]
[altdeck.io/wp-includes/js/dist/vendor/wp-polyfill.min2c7c.js]
[altdeck.io/wp-content/plugins/contact-form-7/includes/js/indexd96d.js]
[altdeck.io/wp-includes/js/imagesloaded.mineda1.js]
[altdeck.io/wp-includes/js/masonry.min3a05.js]
[altdeck.io/wp-content/themes/bizberg/assets/js/slick2608.js]
[altdeck.io/wp-content/themes/bizberg/assets/js/jquery.mousewheel.min2608.js]
[altdeck.io/wp-content/themes/bizberg/assets/js/jquery.inview.min2608.js]
[altdeck.io/wp-content/themes/bizberg/assets/js/jquery.slicknav.min2608.js]
[altdeck.io/wp-content/themes/bizberg/assets/js/jquery.matchHeight-min2608.js]
[altdeck.io/wp-content/themes/bizberg/assets/js/swiper2608.js]
[altdeck.io/wp-content/themes/bizberg/assets/js/prognroll2608.js]
[altdeck.io/wp-content/themes/bizberg/assets/js/theia-sticky-sidebar2608.js]
[altdeck.io/wp-content/themes/bizberg/assets/js/custom2608.js]
[altdeck.io/index.html]
[altdeck.io/wp-includes/css/dist/block-library/style.min37ad.css]
[altdeck.io/wp-content/plugins/contact-form-7/includes/css/stylesd96d.css]
[altdeck.io/wp-content/themes/bizberg/assets/bootstrap/fonts/glyphicons-halflings-regular.eot]
[altdeck.io/wp-content/themes/bizberg/assets/bootstrap/fonts/glyphicons-halflings-regulard41d.eot]
[altdeck.io/wp-content/themes/bizberg/assets/bootstrap/fonts/glyphicons-halflings-regular.woff2]
[altdeck.io/wp-content/themes/bizberg/assets/bootstrap/fonts/glyphicons-halflings-regular.woff]
[altdeck.io/wp-content/themes/bizberg/assets/bootstrap/fonts/glyphicons-halflings-regular.ttf]
[altdeck.io/wp-content/themes/bizberg/assets/bootstrap/css/bootstrap.min2608.css]
[altdeck.io/wp-content/themes/bizberg/assets/bootstrap/fonts/glyphicons-halflings-regular.svg]
[altdeck.io/wp-content/themes/bizberg/assets/icons/font-awesome-5/webfonts/fa-brands-400.eot]
[altdeck.io/wp-content/themes/bizberg/assets/icons/font-awesome-5/webfonts/fa-brands-400d41d.eot]
[altdeck.io/wp-content/themes/bizberg/assets/icons/font-awesome-5/webfonts/fa-brands-400.woff2]
[altdeck.io/wp-content/themes/bizberg/assets/icons/font-awesome-5/webfonts/fa-brands-400.woff]
[altdeck.io/wp-content/themes/bizberg/assets/icons/font-awesome-5/webfonts/fa-brands-400.ttf]
[altdeck.io/wp-content/themes/bizberg/assets/icons/font-awesome-5/webfonts/fa-brands-400.svg]
[altdeck.io/wp-content/themes/bizberg/assets/icons/font-awesome-5/webfonts/fa-regular-400.eot]
[altdeck.io/wp-content/themes/bizberg/assets/icons/font-awesome-5/webfonts/fa-regular-400d41d.eot]
[altdeck.io/wp-content/themes/bizberg/assets/icons/font-awesome-5/webfonts/fa-regular-400.woff2]
[altdeck.io/wp-content/themes/bizberg/assets/icons/font-awesome-5/webfonts/fa-regular-400.woff]
[altdeck.io/wp-content/themes/bizberg/assets/icons/font-awesome-5/webfonts/fa-regular-400.ttf]
[altdeck.io/wp-content/themes/bizberg/assets/icons/font-awesome-5/webfonts/fa-regular-400.svg]
[altdeck.io/wp-content/themes/bizberg/assets/icons/font-awesome-5/webfonts/fa-solid-900.eot]
[altdeck.io/wp-content/themes/bizberg/assets/icons/font-awesome-5/webfonts/fa-solid-900.woff2]
[altdeck.io/wp-content/themes/bizberg/assets/icons/font-awesome-5/webfonts/fa-solid-900d41d.eot]
[altdeck.io/wp-content/themes/bizberg/assets/icons/font-awesome-5/webfonts/fa-solid-900.woff]
[altdeck.io/wp-content/themes/bizberg/assets/icons/font-awesome-5/webfonts/fa-solid-900.ttf]
[altdeck.io/wp-content/themes/bizberg/assets/icons/font-awesome-5/css/all2608.css]
[altdeck.io/wp-content/themes/bizberg/assets/icons/font-awesome-5/webfonts/fa-solid-900.svg]
[altdeck.io/wp-content/themes/bizberg/assets/fonts/OpenSansRegular.eot]
[altdeck.io/wp-content/themes/bizberg/assets/fonts/OpenSansRegular.woff2]
[altdeck.io/wp-content/themes/bizberg/assets/fonts/OpenSansRegular.woff]
[altdeck.io/wp-content/themes/bizberg/assets/fonts/OpenSansRegular.ttf]
[altdeck.io/wp-content/themes/bizberg/assets/fonts/OpenSansRegular.svg]
[altdeck.io/wp-content/themes/bizberg/assets/fonts/MontserratRegular.eot]
[altdeck.io/wp-content/themes/bizberg/assets/fonts/MontserratRegular.woff2]
[altdeck.io/wp-content/themes/bizberg/assets/fonts/MontserratRegular.woff]
[altdeck.io/wp-content/themes/bizberg/assets/fonts/MontserratRegular.ttf]
[altdeck.io/wp-content/themes/bizberg/assets/css/main2608.css]
[altdeck.io/wp-content/themes/bizberg/assets/fonts/MontserratRegular.svg]
[altdeck.io/wp-content/themes/bizberg/assets/css/component2608.css]
[wp3.commonsupport.com/newwp/borvel/wp-content/uploads/2018/07/6-1.jpg]
[altdeck.io/wp-content/themes/bizberg/assets/css/style2608.css]
[altdeck.io/wp-content/themes/bizberg/assets/css/responsive2608.css]
[altdeck.io/wp-content/themes/bizberg/style37ad.css]
[altdeck.io/wp-content/themes/econsulting-agency/images/testimonial.png]
[altdeck.io/wp-content/themes/econsulting-agency/images/shape-1.png]
[altdeck.io/wp-content/themes/econsulting-agency/images/banner_ils.png]
[altdeck.io/wp-content/themes/econsulting-agency/style37ad.css]
[altdeck.io/wp-content/fonts/lato/S6u9w4BMUTPHh7USSwaPGR_p.woff2]
[altdeck.io/wp-content/fonts/lato/S6u9w4BMUTPHh7USSwiPGQ.woff2]
[altdeck.io/wp-content/fonts/lato/S6uyw4BMUTPHjxAwXjeu.woff2]
[altdeck.io/wp-content/fonts/lato/S6uyw4BMUTPHjx4wXg.woff2]
[altdeck.io/wp-content/fonts/lato/S6u9w4BMUTPHh6UVSwaPGR_p.woff2]
[altdeck.io/wp-content/fonts/lato/S6u9w4BMUTPHh6UVSwiPGQ.woff2]
[altdeck.io/wp-content/fonts/lato/S6u9w4BMUTPHh50XSwaPGR_p.woff2]
[altdeck.io/wp-content/fonts/lato/S6u9w4BMUTPHh50XSwiPGQ.woff2]
[altdeck.io/wp-content/fonts/7577b6d93879d429bbadf01d1d095c4f.css]
[altdeck.io/wp-content/themes/bizberg/assets/bootstrap/fonts/glyphicons-halflings-regular.svg]
[altdeck.io/wp-content/themes/bizberg/assets/icons/font-awesome-5/webfonts/fa-brands-400.svg]
[altdeck.io/wp-content/themes/bizberg/assets/icons/font-awesome-5/webfonts/fa-regular-400.svg]
[altdeck.io/wp-content/themes/bizberg/assets/icons/font-awesome-5/webfonts/fa-solid-900.svg]
[altdeck.io/wp-content/themes/bizberg/assets/fonts/OpenSansRegular.svg]
[altdeck.io/wp-content/themes/bizberg/assets/fonts/Aclonica.html]
[altdeck.io/wp-content/themes/bizberg/assets/fonts/Aclonica-2.html]
[altdeck.io/wp-content/themes/bizberg/assets/fonts/Aclonica-3.html]
[altdeck.io/wp-content/themes/bizberg/assets/fonts/Aclonica-4.html]
[altdeck.io/wp-content/themes/bizberg/assets/fonts/Aclonica-5.html]
[altdeck.io/wp-content/themes/bizberg/assets/fonts/MontserratRegular.svg]
[altdeck.io/wp-content/themes/bizberg/assets/css/fonts/slick.html]
[altdeck.io/wp-content/themes/bizberg/assets/css/fonts/slickd41d.html]
[altdeck.io/wp-content/themes/bizberg/assets/css/fonts/slick-2.html]
[altdeck.io/wp-content/themes/bizberg/assets/css/fonts/slick-3.html]
[altdeck.io/wp-content/themes/bizberg/assets/css/fonts/slick-4.html]
[altdeck.io/wp-content/themes/bizberg/assets/images/cta2/cta2-bg.html]
[altdeck.io/wp-content/themes/bizberg/assets/images/testimonial/bg.html]
[altdeck.io/wp-content/themes/bizberg/assets/images/animated-number/bg.html]
[altdeck.io/wp-content/themes/bizberg/assets/images/touch.html]
[altdeck.io/wp-content/themes/bizberg/assets/images/bread-bg.html]
[altdeck.io/wp-content/themes/bizberg/assets/images/skill-bg.html]
[altdeck.io/wp-content/themes/bizberg/assets/images/team/01.html]
[altdeck.io/wp-content/themes/bizberg/assets/images/team/02.html]
[altdeck.io/wp-content/themes/bizberg/assets/images/team/04.html]
[altdeck.io/wp-content/themes/bizberg/assets/images/team/03.html]
[altdeck.io/wp-content/themes/bizberg/assets/img/stamp.html]
[altdeck.io/wp-content/themes/bizberg/assets/img/line.html]
[altdeck.io/wp-content/themes/bizberg/assets/img/blackboard.html]
